[INFO]: Run Directory: /work/openlane1/runs/full_run
[INFO]: Saving runtime environment...
[INFO]: Preparing LEF files for the nom corner...
[INFO]: Preparing LEF files for the min corner...
[INFO]: Preparing LEF files for the max corner...
[WARNING]: PNR_SDC_FILE is not set. It is recommended to write a custom SDC file for the design. Defaulting to BASE_SDC_FILE
[WARNING]: SIGNOFF_SDC_FILE is not set. It is recommended to write a custom SDC file for the design. Defaulting to BASE_SDC_FILE
[INFO]: Running linter (Verilator) (log: ../work/openlane1/runs/full_run/logs/synthesis/linter.log)...
[INFO]: 0 errors found by linter
[INFO]: 0 warnings found by linter
[INFO]: Running Synthesis (log: ../work/openlane1/runs/full_run/logs/synthesis/1-synthesis.log)...
[INFO]: Running Single-Corner Static Timing Analysis (log: ../work/openlane1/runs/full_run/logs/synthesis/2-sta.log)...
[INFO]: Running Initial Floorplanning (log: ../work/openlane1/runs/full_run/logs/floorplan/3-initial_fp.log)...
[INFO]: Floorplanned with width 906.2 and height 905.76.
[INFO]: Running IO Placement (log: ../work/openlane1/runs/full_run/logs/floorplan/4-io.log)...
[INFO]: Running Tap/Decap Insertion (log: ../work/openlane1/runs/full_run/logs/floorplan/5-tap.log)...
[INFO]: Power planning with power {VPWR} and ground {VGND}...
[INFO]: Generating PDN (log: ../work/openlane1/runs/full_run/logs/floorplan/6-pdn.log)...
[INFO]: Running Global Placement (skip_io) (log: ../work/openlane1/runs/full_run/logs/placement/6-global_skip_io.log)...
[ERROR]: during executing openroad script /nix/store/xpc7xd67rslanlqh566s6jph53bn830w-openlane1-1.1.1/bin/scripts/openroad/gpl.tcl
[ERROR]: Log: ../work/openlane1/runs/full_run/logs/placement/6-global_skip_io.log
[ERROR]: Last 10 lines:
[INFO GPL-0017] NonPlaceInstsArea:    17170.218 um^2
[INFO GPL-0018] PlaceInstsArea:      328553.859 um^2
[INFO GPL-0019] Util:                    40.884 %
[INFO GPL-0020] StdInstsArea:        328553.859 um^2
[INFO GPL-0021] MacroInstsArea:           0.000 um^2
[ERROR GPL-0302] Use a higher -density or re-floorplan with a larger core area.
Given target density: 0.40
Suggested target density: 0.41
Error: gpl.tcl, 75 GPL-0302
child process exited abnormally

[ERROR]: Creating issue reproducible...
[INFO]: Saving runtime environment...
[INFO]: Reproducible packaged: Please tarball and upload '../work/openlane1/runs/full_run/issue_reproducible' if you're going to submit an issue.
[ERROR]: Step 7 (placement) failed with error:
-code 1 -level 0 -errorstack {INNER {invokeStk1 throw_error} CALL {run_tcl_script -tool openroad -no_consume /nix/store/xpc7xd67rslanlqh566s6jph53bn830w-openlane1-1.1.1/bin/scripts/openroad/gpl.tcl -indexed_log /work/openlane1/runs/full_run/logs/placement/6-global_skip_io.log -save to=/work/openlane1/runs/full_run/tmp/placement,name=global_skip_io,def,odb,netlist,powered_netlist} CALL {run_openroad_script /nix/store/xpc7xd67rslanlqh566s6jph53bn830w-openlane1-1.1.1/bin/scripts/openroad/gpl.tcl -indexed_log /work/openlane1/runs/full_run/logs/placement/6-global_skip_io.log -save to=/work/openlane1/runs/full_run/tmp/placement,name=global_skip_io,def,odb,netlist,powered_netlist} CALL {global_placement_or -skip_io -name global_skip_io -log /work/openlane1/runs/full_run/logs/placement/global_skip_io.log} CALL run_placement CALL run_placement_step CALL {run_non_interactive_mode -design /work/openlane1 -tag full_run -overwrite}} -errorcode NONE -errorinfo {
    while executing
"throw_error"
    (procedure "run_tcl_script" line 219)
    invoked from within
"run_tcl_script -tool openroad -no_consume {*}$args"
    (procedure "run_openroad_script" line 2)
    invoked from within
"run_openroad_script $::env(SCRIPTS_DIR)/openroad/gpl.tcl -indexed_log $log -save "to=$arg_values(-outdir),name=$arg_values(-name),def,odb,netlist,powe..."
    (procedure "global_placement_or" line 29)
    invoked from within
"global_placement_or -skip_io -name global_skip_io -log $::env(placement_logs)/global_skip_io.log"
    (procedure "run_placement" line 15)
    invoked from within
"run_placement"
    (procedure "run_placement_step" line 8)
    invoked from within
"run_placement_step"} -errorline 1
[INFO]: Saving current set of views in '../work/openlane1/runs/full_run/results/final'...
[INFO]: Generating final set of reports...
[ERROR]: Failed to create manufacturability and metric reports:
[ERROR]: Traceback (most recent call last):
  File "/nix/store/xpc7xd67rslanlqh566s6jph53bn830w-openlane1-1.1.1/bin/scripts/generate_reports.py", line 184, in <module>
    cli()
  File "/nix/store/8ywrzlq8yyqrif2sfvbgg8vsxhj80ry7-python3-3.11.9-env/lib/python3.11/site-packages/click/core.py", line 1157, in __call__
    return self.main(*args, **kwargs)
           ^^^^^^^^^^^^^^^^^^^^^^^^^^
  File "/nix/store/8ywrzlq8yyqrif2sfvbgg8vsxhj80ry7-python3-3.11.9-env/lib/python3.11/site-packages/click/core.py", line 1078, in main
    rv = self.invoke(ctx)
         ^^^^^^^^^^^^^^^^
  File "/nix/store/8ywrzlq8yyqrif2sfvbgg8vsxhj80ry7-python3-3.11.9-env/lib/python3.11/site-packages/click/core.py", line 1434, in invoke
    return ctx.invoke(self.callback, **ctx.params)
           ^^^^^^^^^^^^^^^^^^^^^^^^^^^^^^^^^^^^^^^
  File "/nix/store/8ywrzlq8yyqrif2sfvbgg8vsxhj80ry7-python3-3.11.9-env/lib/python3.11/site-packages/click/core.py", line 783, in invoke
    return __callback(*args, **kwargs)
           ^^^^^^^^^^^^^^^^^^^^^^^^^^^
  File "/nix/store/xpc7xd67rslanlqh566s6jph53bn830w-openlane1-1.1.1/bin/scripts/generate_reports.py", line 51, in cli
    report = Report(design, tag, design_name, params, run_path).get_report()
             ^^^^^^^^^^^^^^^^^^^^^^^^^^^^^^^^^^^^^^^^^^^^^^^^^^^^^^^^^^^^^^^
  File "/nix/store/xpc7xd67rslanlqh566s6jph53bn830w-openlane1-1.1.1/bin/scripts/report/report.py", line 809, in get_report
    *self.extract_all_values(),
     ^^^^^^^^^^^^^^^^^^^^^^^^^
  File "/nix/store/xpc7xd67rslanlqh566s6jph53bn830w-openlane1-1.1.1/bin/scripts/report/report.py", line 359, in extract_all_values
    power_report = Artifact(
                   ^^^^^^^^^
  File "/nix/store/xpc7xd67rslanlqh566s6jph53bn830w-openlane1-1.1.1/bin/scripts/report/report.py", line 62, in __init__
    self.pathname = matches[0]
                    ~~~~~~~^^^
IndexError: list index out of range
[INFO]: Saving runtime environment...
[ERROR]: Flow failed.
[INFO]: The failure may have been because of the following warnings:
