OpenLane v1.1.1 ()
All rights reserved. (c) 2020-2024 Efabless Corporation and contributors.
Available under the Apache License, version 2.0. See the LICENSE file for more details.

[INFO]: Using configuration in '../work/openlane/config.tcl'...
[INFO]: Process Design Kit: sky130A
[INFO]: PDK Root: /root/.volare
[INFO]: Standard Cell Library: sky130_fd_sc_hd
[INFO]: Optimization Standard Cell Library: sky130_fd_sc_hd
[INFO]: Run Directory: /work/openlane/runs/full_run
[INFO]: Removing existing /work/openlane/runs/full_run...
[INFO]: Saving runtime environment...
[INFO]: Preparing LEF files for the nom corner...
[INFO]: Preparing LEF files for the min corner...
[INFO]: Preparing LEF files for the max corner...
[INFO]: Running linter (Verilator) (log: ../work/openlane/runs/full_run/logs/synthesis/linter.log)...
[INFO]: 0 errors found by linter
[INFO]: 0 warnings found by linter
[STEP 1]
[INFO]: Running Synthesis (log: ../work/openlane/runs/full_run/logs/synthesis/1-synthesis.log)...
[STEP 2]
[INFO]: Running Single-Corner Static Timing Analysis (log: ../work/openlane/runs/full_run/logs/synthesis/2-sta.log)...
[ERROR]: during executing sta script /nix/store/xpc7xd67rslanlqh566s6jph53bn830w-openlane1-1.1.1/bin/scripts/openroad/sta/multi_corner.tcl
[ERROR]: Log: ../work/openlane/runs/full_run/logs/synthesis/2-sta.log
[ERROR]: Last 10 lines:
Using 1e+03 for resistance...
Using 1e-09 for time...
Using 1e+00 for voltage...
Using 1e-03 for current...
Using 1e-09 for power...
Using 1e-06 for distance...
Reading netlist '/work/openlane/runs/full_run/results/synthesis/systolic_array_flat.v'…
Reading design constraints file at '/work/openlane/constraints.sdc'…
Error: constraints.sdc, 13 invalid command name "remove_from_collection"
child process exited abnormally

[ERROR]: Creating issue reproducible...
[INFO]: Saving runtime environment...
OpenLane TCL Issue Packager

EFABLESS CORPORATION AND ALL AUTHORS OF THE OPENLANE PROJECT SHALL NOT BE HELD
LIABLE FOR ANY LEAKS THAT MAY OCCUR TO ANY PROPRIETARY DATA AS A RESULT OF USING
THIS SCRIPT. THIS SCRIPT IS PROVIDED ON AN "AS IS" BASIS, WITHOUT WARRANTIES OR
CONDITIONS OF ANY KIND.

BY USING THIS SCRIPT, YOU ACKNOWLEDGE THAT YOU FULLY UNDERSTAND THIS DISCLAIMER
AND ALL IT ENTAILS.

Parsing config file(s)…
Setting up /work/openlane/runs/full_run/issue_reproducible…
Done.
[INFO]: Reproducible packaged: Please tarball and upload '../work/openlane/runs/full_run/issue_reproducible' if you're going to submit an issue.
[ERROR]: Step 2 (synthesis) failed with error:
-code 1 -level 0 -errorstack {INNER {invokeStk1 throw_error} CALL {run_tcl_script -tool sta -no_consume /nix/store/xpc7xd67rslanlqh566s6jph53bn830w-openlane1-1.1.1/bin/scripts/openroad/sta/multi_corner.tcl -indexed_log /work/openlane/runs/full_run/logs/synthesis/2-sta.log -save to=/work/openlane/runs/full_run/results/synthesis,noindex,sdf,lib -netlist_in} CALL {run_sta_script /nix/store/xpc7xd67rslanlqh566s6jph53bn830w-openlane1-1.1.1/bin/scripts/openroad/sta/multi_corner.tcl -indexed_log /work/openlane/runs/full_run/logs/synthesis/2-sta.log -save to=/work/openlane/runs/full_run/results/synthesis,noindex,sdf,lib -netlist_in} CALL {run_sta -log /work/openlane/runs/full_run/logs/synthesis/sta.log -netlist_in -pre_cts -save_to /work/openlane/runs/full_run/results/synthesis -tool sta} CALL run_synthesis CALL {run_non_interactive_mode -design /work/openlane -tag full_run -overwrite}} -errorcode NONE -errorinfo {
    while executing
"throw_error"
    (procedure "run_tcl_script" line 219)
    invoked from within
"run_tcl_script -tool sta -no_consume {*}$args"
    (procedure "run_sta_script" line 2)
    invoked from within
"run_$arg_values(-tool)_script $::env(SCRIPTS_DIR)/openroad/sta/multi_corner.tcl {*}$arg_list"
    (procedure "run_sta" line 109)
    invoked from within
"run_sta -log $::env(synthesis_logs)/sta.log  -netlist_in  -pre_cts  -save_to $::env(synthesis_results)  -tool sta"
    (procedure "run_synthesis" line 50)
    invoked from within
"run_synthesis"} -errorline 1
[INFO]: Saving current set of views in '../work/openlane/runs/full_run/results/final'...
[INFO]: Generating final set of reports...
[ERROR]: Failed to create manufacturability and metric reports:
[ERROR]: Traceback (most recent call last):
  File "/nix/store/xpc7xd67rslanlqh566s6jph53bn830w-openlane1-1.1.1/bin/scripts/generate_reports.py", line 184, in <module>
    cli()
  File "/nix/store/8ywrzlq8yyqrif2sfvbgg8vsxhj80ry7-python3-3.11.9-env/lib/python3.11/site-packages/click/core.py", line 1157, in __call__
    return self.main(*args, **kwargs)
           ^^^^^^^^^^^^^^^^^^^^^^^^^^
  File "/nix/store/8ywrzlq8yyqrif2sfvbgg8vsxhj80ry7-python3-3.11.9-env/lib/python3.11/site-packages/click/core.py", line 1078, in main
    rv = self.invoke(ctx)
         ^^^^^^^^^^^^^^^^
  File "/nix/store/8ywrzlq8yyqrif2sfvbgg8vsxhj80ry7-python3-3.11.9-env/lib/python3.11/site-packages/click/core.py", line 1434, in invoke
    return ctx.invoke(self.callback, **ctx.params)
           ^^^^^^^^^^^^^^^^^^^^^^^^^^^^^^^^^^^^^^^
  File "/nix/store/8ywrzlq8yyqrif2sfvbgg8vsxhj80ry7-python3-3.11.9-env/lib/python3.11/site-packages/click/core.py", line 783, in invoke
    return __callback(*args, **kwargs)
           ^^^^^^^^^^^^^^^^^^^^^^^^^^^
  File "/nix/store/xpc7xd67rslanlqh566s6jph53bn830w-openlane1-1.1.1/bin/scripts/generate_reports.py", line 51, in cli
    report = Report(design, tag, design_name, params, run_path).get_report()
             ^^^^^^^^^^^^^^^^^^^^^^^^^^^^^^^^^^^^^^^^^^^^^^^^^^^^^^^^^^^^^^^
  File "/nix/store/xpc7xd67rslanlqh566s6jph53bn830w-openlane1-1.1.1/bin/scripts/report/report.py", line 809, in get_report
    *self.extract_all_values(),
     ^^^^^^^^^^^^^^^^^^^^^^^^^
  File "/nix/store/xpc7xd67rslanlqh566s6jph53bn830w-openlane1-1.1.1/bin/scripts/report/report.py", line 359, in extract_all_values
    power_report = Artifact(
                   ^^^^^^^^^
  File "/nix/store/xpc7xd67rslanlqh566s6jph53bn830w-openlane1-1.1.1/bin/scripts/report/report.py", line 62, in __init__
    self.pathname = matches[0]
                    ~~~~~~~^^^
IndexError: list index out of range
[INFO]: Saving runtime environment...
[ERROR]: Flow failed.
