OpenLane v1.1.1 ()
All rights reserved. (c) 2020-2024 Efabless Corporation and contributors.
Available under the Apache License, version 2.0. See the LICENSE file for more details.

[INFO]: Using configuration in '../work/openlane/config.tcl'...
[INFO]: Process Design Kit: sky130A
[INFO]: PDK Root: /root/.volare
[INFO]: Standard Cell Library: sky130_fd_sc_hd
[INFO]: Optimization Standard Cell Library: sky130_fd_sc_hd
[INFO]: Run Directory: /work/openlane/runs/full_run
[INFO]: Removing existing /work/openlane/runs/full_run...
[WARNING]: SYNTH_MAX_FANOUT is now deprecated; use MAX_FANOUT_CONSTRAINT instead.
[INFO]: Saving runtime environment...
[INFO]: Preparing LEF files for the nom corner...
[INFO]: Preparing LEF files for the min corner...
[INFO]: Preparing LEF files for the max corner...
[WARNING]: PNR_SDC_FILE is not set. It is recommended to write a custom SDC file for the design. Defaulting to BASE_SDC_FILE
[WARNING]: SIGNOFF_SDC_FILE is not set. It is recommended to write a custom SDC file for the design. Defaulting to BASE_SDC_FILE
[INFO]: Running linter (Verilator) (log: ../work/openlane/runs/full_run/logs/synthesis/linter.log)...
[INFO]: 0 errors found by linter
[INFO]: 0 warnings found by linter
[STEP 1]
[INFO]: Running Synthesis (log: ../work/openlane/runs/full_run/logs/synthesis/1-synthesis.log)...
[STEP 2]
[INFO]: Running Single-Corner Static Timing Analysis (log: ../work/openlane/runs/full_run/logs/synthesis/2-sta.log)...
[STEP 3]
[INFO]: Running Initial Floorplanning (log: ../work/openlane/runs/full_run/logs/floorplan/3-initial_fp.log)...
[INFO]: Floorplanned with width 768.2 and height 767.04.
[STEP 4]
[INFO]: Running IO Placement (log: ../work/openlane/runs/full_run/logs/floorplan/4-io.log)...
[STEP 5]
[INFO]: Running Tap/Decap Insertion (log: ../work/openlane/runs/full_run/logs/floorplan/5-tap.log)...
[INFO]: Power planning with power {VPWR} and ground {VGND}...
[STEP 6]
[INFO]: Generating PDN (log: ../work/openlane/runs/full_run/logs/floorplan/6-pdn.log)...
[STEP 7]
[INFO]: Running Global Placement (skip_io) (log: ../work/openlane/runs/full_run/logs/placement/6-global_skip_io.log)...
[STEP 8]
[INFO]: Running Single-Corner Static Timing Analysis (log: ../work/openlane/runs/full_run/logs/placement/8-gpl_sta.log)...
[STEP 9]
[INFO]: Running IO Placement (log: ../work/openlane/runs/full_run/logs/placement/9-io.log)...
[STEP 10]
[INFO]: Running Global Placement (log: ../work/openlane/runs/full_run/logs/placement/9-global.log)...
[STEP 11]
[INFO]: Running Single-Corner Static Timing Analysis (log: ../work/openlane/runs/full_run/logs/placement/11-gpl_sta.log)...
[STEP 12]
[INFO]: Running Placement Resizer Design Optimizations (log: ../work/openlane/runs/full_run/logs/placement/12-resizer.log)...
[STEP 13]
[INFO]: Running Detailed Placement (log: ../work/openlane/runs/full_run/logs/placement/13-detailed.log)...
[STEP 14]
[INFO]: Running Single-Corner Static Timing Analysis (log: ../work/openlane/runs/full_run/logs/placement/14-dpl_sta.log)...
[STEP 15]
[INFO]: Running Clock Tree Synthesis (log: ../work/openlane/runs/full_run/logs/cts/15-cts.log)...
[STEP 16]
[INFO]: Running Single-Corner Static Timing Analysis (log: ../work/openlane/runs/full_run/logs/cts/16-cts_sta.log)...
[STEP 17]
[INFO]: Running Placement Resizer Timing Optimizations (log: ../work/openlane/runs/full_run/logs/cts/17-resizer.log)...
[STEP 18]
[INFO]: Running Global Routing Resizer Design Optimizations (log: ../work/openlane/runs/full_run/logs/routing/18-resizer_design.log)...
[STEP 19]
[INFO]: Running Single-Corner Static Timing Analysis (log: ../work/openlane/runs/full_run/logs/routing/19-rsz_design_sta.log)...
[STEP 20]
[INFO]: Running Global Routing Resizer Timing Optimizations (log: ../work/openlane/runs/full_run/logs/routing/20-resizer_timing.log)...
[STEP 21]
[INFO]: Running Single-Corner Static Timing Analysis (log: ../work/openlane/runs/full_run/logs/routing/21-rsz_timing_sta.log)...
[STEP 22]
[INFO]: Running Global Routing (log: ../work/openlane/runs/full_run/logs/routing/22-global.log)...
[STEP 23]
[INFO]: Writing Verilog (log: ../work/openlane/runs/full_run/logs/routing/22-global_write_netlist.log)...
[STEP 24]
[INFO]: Running Single-Corner Static Timing Analysis (log: ../work/openlane/runs/full_run/logs/routing/24-grt_sta.log)...
[STEP 25]
[INFO]: Running Fill Insertion (log: ../work/openlane/runs/full_run/logs/routing/25-fill.log)...
[STEP 26]
[INFO]: Running Detailed Routing (log: ../work/openlane/runs/full_run/logs/routing/26-detailed.log)...
[INFO]: No Magic DRC violations after detailed routing.
[STEP 27]
[INFO]: Checking Wire Lengths (log: ../work/openlane/runs/full_run/logs/routing/27-wire_lengths.log)...
[STEP 28]
[INFO]: Running SPEF Extraction at the min process corner (log: ../work/openlane/runs/full_run/logs/signoff/28-parasitics_extraction.min.log)...
[STEP 29]
[INFO]: Running Multi-Corner Static Timing Analysis at the min process corner (log: ../work/openlane/runs/full_run/logs/signoff/29-rcx_mcsta.min.log)...
[STEP 30]
[INFO]: Running SPEF Extraction at the max process corner (log: ../work/openlane/runs/full_run/logs/signoff/30-parasitics_extraction.max.log)...
[STEP 31]
[INFO]: Running Multi-Corner Static Timing Analysis at the max process corner (log: ../work/openlane/runs/full_run/logs/signoff/31-rcx_mcsta.max.log)...
[STEP 32]
[INFO]: Running SPEF Extraction at the nom process corner (log: ../work/openlane/runs/full_run/logs/signoff/32-parasitics_extraction.nom.log)...
[STEP 33]
[INFO]: Running Multi-Corner Static Timing Analysis at the nom process corner (log: ../work/openlane/runs/full_run/logs/signoff/33-rcx_mcsta.nom.log)...
[WARNING]: VSRC_LOC_FILES was not given a value, which may make the results of IR drop analysis inaccurate. If you are not integrating a top-level chip for manufacture, you may ignore this warning, otherwise, see the documentation for VSRC_LOC_FILES.
[STEP 34]
[INFO]: Creating IR Drop Report (log: ../work/openlane/runs/full_run/logs/signoff/34-irdrop.log)...
[STEP 35]
[INFO]: Running Magic to generate various views...
[INFO]: Streaming out GDSII with Magic (log: ../work/openlane/runs/full_run/logs/signoff/35-gdsii.log)...
[INFO]: Generating MAGLEF views...
[INFO]: Generating lef with Magic (/work/openlane/runs/full_run/logs/signoff/35-lef.log)...
[STEP 36]
[INFO]: Streaming out GDSII with KLayout (log: ../work/openlane/runs/full_run/logs/signoff/36-gdsii-klayout.log)...
[STEP 37]
[INFO]: Running XOR on the layouts using KLayout (log: ../work/openlane/runs/full_run/logs/signoff/37-xor.log)...
[INFO]: No XOR differences between KLayout and Magic gds.
[STEP 38]
[INFO]: Running Magic Spice Export from LEF (log: ../work/openlane/runs/full_run/logs/signoff/38-spice.log)...
[STEP 39]
[INFO]: Writing Powered Verilog (logs: ../work/openlane/runs/full_run/logs/signoff/39-write_powered_def.log, ../work/openlane/runs/full_run/logs/signoff/39-write_powered_verilog.log)...
[STEP 40]
[INFO]: Writing Verilog (log: ../work/openlane/runs/full_run/logs/signoff/39-write_powered_verilog.log)...
[STEP 41]
[INFO]: Running LVS (log: ../work/openlane/runs/full_run/logs/signoff/41-lvs.lef.log)...
[STEP 42]
[INFO]: Running Magic DRC (log: ../work/openlane/runs/full_run/logs/signoff/42-drc.log)...
[INFO]: Converting Magic DRC database to various tool-readable formats...
[INFO]: No Magic DRC violations after GDS streaming out.
[STEP 43]
[INFO]: Running KLayout DRC (log: ../work/openlane/runs/full_run/logs/signoff/43-drc-klayout.log)...
[INFO]: No KLayout DRC violations after GDS streaming out.
[STEP 44]
[INFO]: Running OpenROAD Antenna Rule Checker (log: ../work/openlane/runs/full_run/logs/signoff/44-arc.log)...
[INFO]: Saving current set of views in '../work/openlane/runs/full_run/results/final'...
[INFO]: Saving runtime environment...
[INFO]: Generating final set of reports...
[INFO]: Created manufacturability report at '../work/openlane/runs/full_run/reports/manufacturability.rpt'.
[INFO]: Created metrics report at '../work/openlane/runs/full_run/reports/metrics.csv'.
[WARNING]: There are max fanout violations in the design at the Typical corner. Please refer to '../work/openlane/runs/full_run/reports/signoff/33-sta-rcx_nom/multi_corner_sta.checks.rpt'.
[INFO]: There are no hold violations in the design at the Typical corner.
[INFO]: There are no setup violations in the design at the Typical corner.
[SUCCESS]: Flow complete.
[INFO]: Note that the following warnings have been generated:
[WARNING]: SYNTH_MAX_FANOUT is now deprecated; use MAX_FANOUT_CONSTRAINT instead.
[WARNING]: PNR_SDC_FILE is not set. It is recommended to write a custom SDC file for the design. Defaulting to BASE_SDC_FILE
[WARNING]: SIGNOFF_SDC_FILE is not set. It is recommended to write a custom SDC file for the design. Defaulting to BASE_SDC_FILE
[WARNING]: VSRC_LOC_FILES was not given a value, which may make the results of IR drop analysis inaccurate. If you are not integrating a top-level chip for manufacture, you may ignore this warning, otherwise, see the documentation for VSRC_LOC_FILES.
[WARNING]: There are max fanout violations in the design at the Typical corner. Please refer to '../work/openlane/runs/full_run/reports/signoff/33-sta-rcx_nom/multi_corner_sta.checks.rpt'.

