
71. Printing statistics.

=== systolic_array_flat ===

   Number of wires:              30996
   Number of wire bits:          31537
   Number of public wires:        5180
   Number of public wire bits:    5721
   Number of memories:               0
   Number of memory bits:            0
   Number of processes:              0
   Number of cells:              31502
     sky130_fd_sc_hd__a2111o_2       8
     sky130_fd_sc_hd__a2111oi_2      7
     sky130_fd_sc_hd__a211o_2      189
     sky130_fd_sc_hd__a211oi_2      33
     sky130_fd_sc_hd__a211oi_4       1
     sky130_fd_sc_hd__a21bo_2       98
     sky130_fd_sc_hd__a21boi_2      58
     sky130_fd_sc_hd__a21o_2       692
     sky130_fd_sc_hd__a21o_4         1
     sky130_fd_sc_hd__a21oi_2      819
     sky130_fd_sc_hd__a21oi_4        6
     sky130_fd_sc_hd__a221o_2      334
     sky130_fd_sc_hd__a221oi_2      25
     sky130_fd_sc_hd__a22o_2      1302
     sky130_fd_sc_hd__a22o_4         2
     sky130_fd_sc_hd__a22oi_2      113
     sky130_fd_sc_hd__a2bb2o_2     118
     sky130_fd_sc_hd__a2bb2o_4       1
     sky130_fd_sc_hd__a2bb2oi_2      2
     sky130_fd_sc_hd__a311o_2       11
     sky130_fd_sc_hd__a31o_2       618
     sky130_fd_sc_hd__a31o_4         1
     sky130_fd_sc_hd__a31oi_2       43
     sky130_fd_sc_hd__a32o_2       411
     sky130_fd_sc_hd__a32oi_2       13
     sky130_fd_sc_hd__a41o_2        56
     sky130_fd_sc_hd__a41oi_2        1
     sky130_fd_sc_hd__and2_2      2359
     sky130_fd_sc_hd__and2_4        77
     sky130_fd_sc_hd__and2b_2      173
     sky130_fd_sc_hd__and3_2      1346
     sky130_fd_sc_hd__and3_4        21
     sky130_fd_sc_hd__and3b_2      177
     sky130_fd_sc_hd__and4_2       123
     sky130_fd_sc_hd__and4_4        18
     sky130_fd_sc_hd__and4b_2       28
     sky130_fd_sc_hd__and4bb_2      25
     sky130_fd_sc_hd__buf_1       3938
     sky130_fd_sc_hd__buf_2        118
     sky130_fd_sc_hd__buf_4         10
     sky130_fd_sc_hd__buf_6          7
     sky130_fd_sc_hd__buf_8          3
     sky130_fd_sc_hd__dfxtp_2     5702
     sky130_fd_sc_hd__inv_2       1107
     sky130_fd_sc_hd__mux2_1         4
     sky130_fd_sc_hd__mux2_2      1291
     sky130_fd_sc_hd__mux2_4         2
     sky130_fd_sc_hd__mux4_2       365
     sky130_fd_sc_hd__nand2_2     1097
     sky130_fd_sc_hd__nand2b_2      13
     sky130_fd_sc_hd__nand3_2       88
     sky130_fd_sc_hd__nand3b_2       9
     sky130_fd_sc_hd__nand4_2       18
     sky130_fd_sc_hd__nand4b_2       1
     sky130_fd_sc_hd__nor2_2      1895
     sky130_fd_sc_hd__nor2_4         7
     sky130_fd_sc_hd__nor2b_2       20
     sky130_fd_sc_hd__nor3_2       112
     sky130_fd_sc_hd__nor3_4         3
     sky130_fd_sc_hd__nor3b_2       40
     sky130_fd_sc_hd__nor3b_4        1
     sky130_fd_sc_hd__nor4_2        36
     sky130_fd_sc_hd__nor4b_2        6
     sky130_fd_sc_hd__o2111a_2      36
     sky130_fd_sc_hd__o2111ai_2      2
     sky130_fd_sc_hd__o211a_2      707
     sky130_fd_sc_hd__o211ai_2      66
     sky130_fd_sc_hd__o21a_2       653
     sky130_fd_sc_hd__o21a_4         5
     sky130_fd_sc_hd__o21ai_2      947
     sky130_fd_sc_hd__o21ai_4        1
     sky130_fd_sc_hd__o21ba_2      112
     sky130_fd_sc_hd__o21bai_2      56
     sky130_fd_sc_hd__o221a_2      247
     sky130_fd_sc_hd__o221ai_2       7
     sky130_fd_sc_hd__o22a_2       277
     sky130_fd_sc_hd__o22ai_2       34
     sky130_fd_sc_hd__o2bb2a_2     123
     sky130_fd_sc_hd__o2bb2ai_2     13
     sky130_fd_sc_hd__o311a_2      132
     sky130_fd_sc_hd__o311ai_2       4
     sky130_fd_sc_hd__o31a_2       158
     sky130_fd_sc_hd__o31a_4         3
     sky130_fd_sc_hd__o31ai_2       41
     sky130_fd_sc_hd__o32a_2        26
     sky130_fd_sc_hd__o32ai_2        4
     sky130_fd_sc_hd__o41a_2        21
     sky130_fd_sc_hd__o41ai_2        2
     sky130_fd_sc_hd__or2_2       1003
     sky130_fd_sc_hd__or2_4         17
     sky130_fd_sc_hd__or2b_2       161
     sky130_fd_sc_hd__or3_2        330
     sky130_fd_sc_hd__or3_4         13
     sky130_fd_sc_hd__or3b_2       129
     sky130_fd_sc_hd__or3b_4         5
     sky130_fd_sc_hd__or4_2        546
     sky130_fd_sc_hd__or4_4          9
     sky130_fd_sc_hd__or4b_2        57
     sky130_fd_sc_hd__or4b_4         4
     sky130_fd_sc_hd__or4bb_2       15
     sky130_fd_sc_hd__xnor2_2      244
     sky130_fd_sc_hd__xor2_2        89

   Chip area for module '\systolic_array_flat': 328553.859200

